[    0.000000] Initializing cgroup subsys cpuset
[    0.000000] Initializing cgroup subsys cpu
[    0.000000] Initializing cgroup subsys cpuacct
[    0.000000] Linux version 4.4.0-170-generic (buildd@lcy01-amd64-019) (gcc version 5.4.0 20160609 (Ubuntu 5.4.0-6ubuntu1~16.04.12) ) #199-Ubuntu SMP Thu Nov 14 01:45:04 UTC 2019 (Ubuntu 4.4.0-170.199-generic 4.4.200)
[    0.000000] Command line: BOOT_IMAGE=/boot/vmlinuz-4.4.0-170-generic root=LABEL=cloudimg-rootfs ro console=tty1 console=ttyS0
[    0.000000] KERNEL supported cpus:
[    0.000000]   Intel GenuineIntel
[    0.000000]   AMD AuthenticAMD
[    0.000000]   Centaur CentaurHauls
[    0.000000] x86/fpu: xstate_offset[2]:  576, xstate_sizes[2]:  256
[    0.000000] x86/fpu: Supporting XSAVE feature 0x01: 'x87 floating point registers'
[    0.000000] x86/fpu: Supporting XSAVE feature 0x02: 'SSE registers'
[    0.000000] x86/fpu: Supporting XSAVE feature 0x04: 'AVX registers'
[    0.000000] x86/fpu: Enabled xstate features 0x7, context size is 832 bytes, using 'standard' format.
[    0.000000] e820: BIOS-provided physical RAM map:
[    0.000000] BIOS-e820: [mem 0x0000000000000000-0x000000000009fbff] usable
[    0.000000] BIOS-e820: [mem 0x000000000009fc00-0x000000000009ffff] reserved
[    0.000000] BIOS-e820: [mem 0x00000000000f0000-0x00000000000fffff] reserved
[    0.000000] BIOS-e820: [mem 0x0000000000100000-0x000000003ffeffff] usable
[    0.000000] BIOS-e820: [mem 0x000000003fff0000-0x000000003fffffff] ACPI data
[    0.000000] BIOS-e820: [mem 0x00000000fec00000-0x00000000fec00fff] reserved
[    0.000000] BIOS-e820: [mem 0x00000000fee00000-0x00000000fee00fff] reserved
[    0.000000] BIOS-e820: [mem 0x00000000fffc0000-0x00000000ffffffff] reserved
[    0.000000] NX (Execute Disable) protection: active
[    0.000000] SMBIOS 2.5 present.
[    0.000000] Hypervisor detected: KVM
[    0.000000] e820: last_pfn = 0x3fff0 max_arch_pfn = 0x400000000
[    0.000000] MTRR: Disabled
[    0.000000] x86/PAT: MTRRs disabled, skipping PAT initialization too.
[    0.000000] CPU MTRRs all blank - virtualized system.
[    0.000000] x86/PAT: Configuration [0-7]: WB  WT  UC- UC  WB  WT  UC- UC  
[    0.000000] found SMP MP-table at [mem 0x0009fff0-0x0009ffff] mapped at [ffff88000009fff0]
[    0.000000] Scanning 1 areas for low memory corruption
[    0.000000] RAMDISK: [mem 0x362fa000-0x37174fff]
[    0.000000] ACPI: Early table checksum verification disabled
[    0.000000] ACPI: RSDP 0x00000000000E0000 000024 (v02 VBOX  )
[    0.000000] ACPI: XSDT 0x000000003FFF0030 00003C (v01 VBOX   VBOXXSDT 00000001 ASL  00000061)
[    0.000000] ACPI: FACP 0x000000003FFF00F0 0000F4 (v04 VBOX   VBOXFACP 00000001 ASL  00000061)
[    0.000000] ACPI: DSDT 0x000000003FFF0470 0022EA (v02 VBOX   VBOXBIOS 00000002 INTL 20100528)
[    0.000000] ACPI: FACS 0x000000003FFF0200 000040
[    0.000000] ACPI: FACS 0x000000003FFF0200 000040
[    0.000000] ACPI: APIC 0x000000003FFF0240 00005C (v02 VBOX   VBOXAPIC 00000001 ASL  00000061)
[    0.000000] ACPI: SSDT 0x000000003FFF02A0 0001CC (v01 VBOX   VBOXCPUT 00000002 INTL 20100528)
[    0.000000] No NUMA configuration found
[    0.000000] Faking a node at [mem 0x0000000000000000-0x000000003ffeffff]
[    0.000000] NODE_DATA(0) allocated [mem 0x3ffeb000-0x3ffeffff]
[    0.000000] kvm-clock: Using msrs 4b564d01 and 4b564d00
[    0.000000] kvm-clock: cpu 0, msr 0:3ffe3001, primary cpu clock
[    0.000000] kvm-clock: using sched offset of 3539965799 cycles
[    0.000000] clocksource: kvm-clock: mask: 0xffffffffffffffff max_cycles: 0x1cd42e4dffb, max_idle_ns: 881590591483 ns
[    0.000000] Zone ranges:
[    0.000000]   DMA      [mem 0x0000000000001000-0x0000000000ffffff]
[    0.000000]   DMA32    [mem 0x0000000001000000-0x000000003ffeffff]
[    0.000000]   Normal   empty
[    0.000000]   Device   empty
[    0.000000] Movable zone start for each node
[    0.000000] Early memory node ranges
[    0.000000]   node   0: [mem 0x0000000000001000-0x000000000009efff]
[    0.000000]   node   0: [mem 0x0000000000100000-0x000000003ffeffff]
[    0.000000] Initmem setup node 0 [mem 0x0000000000001000-0x000000003ffeffff]
[    0.000000] ACPI: PM-Timer IO Port: 0x4008
[    0.000000] IOAPIC[0]: apic_id 2, version 32, address 0xfec00000, GSI 0-23
[    0.000000] ACPI: INT_SRC_OVR (bus 0 bus_irq 0 global_irq 2 dfl dfl)
[    0.000000] ACPI: INT_SRC_OVR (bus 0 bus_irq 9 global_irq 9 low level)
[    0.000000] Using ACPI (MADT) for SMP configuration information
[    0.000000] smpboot: Allowing 2 CPUs, 0 hotplug CPUs
[    0.000000] PM: Registered nosave memory: [mem 0x00000000-0x00000fff]
[    0.000000] PM: Registered nosave memory: [mem 0x0009f000-0x0009ffff]
[    0.000000] PM: Registered nosave memory: [mem 0x000a0000-0x000effff]
[    0.000000] PM: Registered nosave memory: [mem 0x000f0000-0x000fffff]
[    0.000000] e820: [mem 0x40000000-0xfebfffff] available for PCI devices
[    0.000000] Booting paravirtualized kernel on KVM
[    0.000000] clocksource: refined-jiffies: mask: 0xffffffff max_cycles: 0xffffffff, max_idle_ns: 7645519600211568 ns
[    0.000000] setup_percpu: NR_CPUS:512 nr_cpumask_bits:512 nr_cpu_ids:2 nr_node_ids:1
[    0.000000] PERCPU: Embedded 33 pages/cpu @ffff88003fc00000 s95448 r8192 d31528 u1048576
[    0.000000] Built 1 zonelists in Node order, mobility grouping on.  Total pages: 257912
[    0.000000] Policy zone: DMA32
[    0.000000] Kernel command line: BOOT_IMAGE=/boot/vmlinuz-4.4.0-170-generic root=LABEL=cloudimg-rootfs ro console=tty1 console=ttyS0
[    0.000000] PID hash table entries: 4096 (order: 3, 32768 bytes)
[    0.000000] Memory: 997728K/1048120K available (8626K kernel code, 1336K rwdata, 4036K rodata, 1488K init, 1288K bss, 50392K reserved, 0K cma-reserved)
[    0.000000] SLUB: HWalign=64, Order=0-3, MinObjects=0, CPUs=2, Nodes=1
[    0.000000] Kernel/User page tables isolation: enabled
[    0.000000] Hierarchical RCU implementation.
[    0.000000] 	Build-time adjustment of leaf fanout to 64.
[    0.000000] 	RCU restricting CPUs from NR_CPUS=512 to nr_cpu_ids=2.
[    0.000000] RCU: Adjusting geometry for rcu_fanout_leaf=64, nr_cpu_ids=2
[    0.000000] NR_IRQS:33024 nr_irqs:440 16
[    0.000000] Console: colour VGA+ 80x25
[    0.000000] console [tty1] enabled
[    0.000000] console [ttyS0] enabled
[    0.000000] tsc: Detected 2712.002 MHz processor
[    0.144810] Calibrating delay loop (skipped) preset value.. 5424.00 BogoMIPS (lpj=10848008)
[    0.146501] pid_max: default: 32768 minimum: 301
[    0.147403] ACPI: Core revision 20150930
[    0.149121] ACPI: 2 ACPI AML tables successfully acquired and loaded
[    0.150460] Security Framework initialized
[    0.151298] Yama: becoming mindful.
[    0.152099] AppArmor: AppArmor initialized
[    0.153014] Dentry cache hash table entries: 131072 (order: 8, 1048576 bytes)
[    0.157425] Inode-cache hash table entries: 65536 (order: 7, 524288 bytes)
[    0.158812] Mount-cache hash table entries: 2048 (order: 2, 16384 bytes)
[    0.160073] Mountpoint-cache hash table entries: 2048 (order: 2, 16384 bytes)
[    0.161471] Initializing cgroup subsys io
[    0.162316] Initializing cgroup subsys memory
[    0.163293] Initializing cgroup subsys devices
[    0.164274] Initializing cgroup subsys freezer
[    0.165247] Initializing cgroup subsys net_cls
[    0.166263] Initializing cgroup subsys perf_event
[    0.167228] Initializing cgroup subsys net_prio
[    0.168253] Initializing cgroup subsys hugetlb
[    0.169196] Initializing cgroup subsys pids
[    0.171830] mce: CPU supports 0 MCE banks
[    0.172699] Last level iTLB entries: 4KB 64, 2MB 8, 4MB 8
[    0.173725] Last level dTLB entries: 4KB 64, 2MB 0, 4MB 0, 1GB 4
[    0.174897] Spectre V1 : Mitigation: usercopy/swapgs barriers and __user pointer sanitization
[    0.176589] Spectre V2 : Mitigation: Full generic retpoline
[    0.177628] Spectre V2 : Spectre v2 / SpectreRSB mitigation: Filling RSB on context switch
[    0.179277] Speculative Store Bypass: Vulnerable
[    0.180275] MDS: Vulnerable: Clear CPU buffers attempted, no microcode
[    0.184263] Freeing SMP alternatives memory: 36K
[    0.191377] ftrace: allocating 32302 entries in 127 pages
[    0.263883] smpboot: APIC(0) Converting physical 0 to logical package 0
[    0.265217] smpboot: Max logical packages: 1
[    0.266345] x2apic enabled
[    0.267226] Switched APIC routing to physical x2apic.
[    0.269394] ..TIMER: vector=0x30 apic1=0 pin1=2 apic2=-1 pin2=-1
[    0.378684] smpboot: CPU0: Intel(R) Core(TM) i5-7200U CPU @ 2.50GHz (family: 0x6, model: 0x8e, stepping: 0x9)
[    0.380996] Performance Events: unsupported p6 CPU model 142 no PMU driver, software events only.
[    0.392846] KVM setup paravirtual spinlock
[    0.394457] x86: Booting SMP configuration:
[    0.395401] .... node  #0, CPUs:      #1
[    0.396450] kvm-clock: cpu 1, msr 0:3ffe3041, secondary cpu clock
[    0.398511] mce: CPU supports 0 MCE banks
[    0.401113] x86: Booted up 1 node, 2 CPUs
[    0.402132] smpboot: Total of 2 processors activated (10848.00 BogoMIPS)
[    0.403866] devtmpfs: initialized
[    0.406400] evm: security.selinux
[    0.407175] evm: security.SMACK64
[    0.408164] evm: security.SMACK64EXEC
[    0.409234] evm: security.SMACK64TRANSMUTE
[    0.410114] evm: security.SMACK64MMAP
[    0.410935] evm: security.ima
[    0.411684] evm: security.capability
[    0.412695] clocksource: jiffies: mask: 0xffffffff max_cycles: 0xffffffff, max_idle_ns: 7645041785100000 ns
[    0.414580] futex hash table entries: 512 (order: 3, 32768 bytes)
[    0.415896] pinctrl core: initialized pinctrl subsystem
[    0.417005] RTC time: 15:01:10, date: 01/08/20
[    0.418171] NET: Registered protocol family 16
[    0.430649] cpuidle: using governor ladder
[    0.443286] cpuidle: using governor menu
[    0.444264] PCCT header not found.
[    0.445075] ACPI: bus type PCI registered
[    0.445910] acpiphp: ACPI Hot Plug PCI Controller Driver version: 0.5
[    0.447249] PCI: Using configuration type 1 for base access
[    0.461006] ACPI: Added _OSI(Module Device)
[    0.461946] ACPI: Added _OSI(Processor Device)
[    0.462857] ACPI: Added _OSI(3.0 _SCP Extensions)
[    0.463870] ACPI: Added _OSI(Processor Aggregator Device)
[    0.465627] ACPI: Executed 1 blocks of module-level executable AML code
[    0.468966] ACPI: Interpreter enabled
[    0.469829] ACPI: (supports S0 S5)
[    0.470646] ACPI: Using IOAPIC for interrupt routing
[    0.471842] PCI: Using host bridge windows from ACPI; if necessary, use "pci=nocrs" and report a bug
[    0.476945] ACPI: PCI Root Bridge [PCI0] (domain 0000 [bus 00-ff])
[    0.478152] acpi PNP0A03:00: _OSC: OS supports [ASPM ClockPM Segments MSI]
[    0.479681] acpi PNP0A03:00: _OSC: not requesting OS control; OS requires [ExtendedConfig ASPM ClockPM MSI]
[    0.481506] acpi PNP0A03:00: fail to add MMCONFIG information, can't access extended PCI configuration space under this bridge.
[    0.483980] PCI host bridge to bus 0000:00
[    0.485039] pci_bus 0000:00: root bus resource [io  0x0000-0x0cf7 window]
[    0.486575] pci_bus 0000:00: root bus resource [io  0x0d00-0xffff window]
[    0.487834] pci_bus 0000:00: root bus resource [mem 0x000a0000-0x000bffff window]
[    0.489344] pci_bus 0000:00: root bus resource [mem 0x40000000-0xfdffffff window]
[    0.491548] pci_bus 0000:00: root bus resource [bus 00-ff]
[    0.494941] pci 0000:00:01.1: legacy IDE quirk: reg 0x10: [io  0x01f0-0x01f7]
[    0.496215] pci 0000:00:01.1: legacy IDE quirk: reg 0x14: [io  0x03f6]
[    0.497436] pci 0000:00:01.1: legacy IDE quirk: reg 0x18: [io  0x0170-0x0177]
[    0.498778] pci 0000:00:01.1: legacy IDE quirk: reg 0x1c: [io  0x0376]
[    0.530250] pci 0000:00:07.0: quirk: [io  0x4000-0x403f] claimed by PIIX4 ACPI
[    0.531751] pci 0000:00:07.0: quirk: [io  0x4100-0x410f] claimed by PIIX4 SMB
[    0.546082] ACPI: PCI Interrupt Link [LNKA] (IRQs 5 9 10 *11)
[    0.548138] ACPI: PCI Interrupt Link [LNKB] (IRQs 5 9 *10 11)
[    0.550008] ACPI: PCI Interrupt Link [LNKC] (IRQs 5 *9 10 11)
[    0.551799] ACPI: PCI Interrupt Link [LNKD] (IRQs 5 9 10 *11)
[    0.553643] ACPI: Enabled 2 GPEs in block 00 to 07
[    0.554996] vgaarb: setting as boot device: PCI:0000:00:02.0
[    0.556188] vgaarb: device added: PCI:0000:00:02.0,decodes=io+mem,owns=io+mem,locks=none
[    0.557780] vgaarb: loaded
[    0.558475] vgaarb: bridge control possible 0000:00:02.0
[    0.559742] SCSI subsystem initialized
[    0.560813] ACPI: bus type USB registered
[    0.561654] usbcore: registered new interface driver usbfs
[    0.562805] usbcore: registered new interface driver hub
[    0.563814] usbcore: registered new device driver usb
[    0.564991] PCI: Using ACPI for IRQ routing
[    0.566128] NetLabel: Initializing
[    0.566905] NetLabel:  domain hash size = 128
[    0.567810] NetLabel:  protocols = UNLABELED CIPSOv4
[    0.571791] NetLabel:  unlabeled traffic allowed by default
[    0.573203] amd_nb: Cannot enumerate AMD northbridges
[    0.574274] clocksource: Switched to clocksource kvm-clock
[    0.585978] AppArmor: AppArmor Filesystem Enabled
[    0.587060] pnp: PnP ACPI init
[    0.588575] pnp: PnP ACPI: found 3 devices
[    0.599763] clocksource: acpi_pm: mask: 0xffffff max_cycles: 0xffffff, max_idle_ns: 2085701024 ns
[    0.601518] NET: Registered protocol family 2
[    0.602603] TCP established hash table entries: 8192 (order: 4, 65536 bytes)
[    0.603957] TCP bind hash table entries: 8192 (order: 5, 131072 bytes)
[    0.605113] TCP: Hash tables configured (established 8192 bind 8192)
[    0.606286] UDP hash table entries: 512 (order: 2, 16384 bytes)
[    0.607417] UDP-Lite hash table entries: 512 (order: 2, 16384 bytes)
[    0.608665] NET: Registered protocol family 1
[    0.609573] pci 0000:00:00.0: Limiting direct PCI/PCI transfers
[    0.610694] pci 0000:00:01.0: Activating ISA DMA hang workarounds
[    0.611921] Unpacking initramfs...
[    0.868748] Freeing initrd memory: 14828K
[    0.869689] clocksource: tsc: mask: 0xffffffffffffffff max_cycles: 0x2717880cafa, max_idle_ns: 440795252614 ns
[    0.871770] platform rtc_cmos: registered platform RTC device (no PNP device found)
[    0.873443] Scanning for low memory corruption every 60 seconds
[    0.874907] audit: initializing netlink subsys (disabled)
[    0.875968] audit: type=2000 audit(1578495676.183:1): initialized
[    0.877352] Initialise system trusted keyring
[    0.878550] HugeTLB registered 2 MB page size, pre-allocated 0 pages
[    0.881198] zbud: loaded
[    0.882687] VFS: Disk quotas dquot_6.6.0
[    0.884049] VFS: Dquot-cache hash table entries: 512 (order 0, 4096 bytes)
[    0.886173] squashfs: version 4.0 (2009/01/31) Phillip Lougher
[    0.888571] fuse init (API version 7.23)
[    0.889489] Key type big_key registered
[    0.890241] Allocating IMA MOK and blacklist keyrings.
[    0.892906] Key type asymmetric registered
[    0.893730] Asymmetric key parser 'x509' registered
[    0.894747] Block layer SCSI generic (bsg) driver version 0.4 loaded (major 249)
[    0.896280] io scheduler noop registered
[    0.897102] io scheduler deadline registered (default)
[    0.898083] io scheduler cfq registered
[    0.899010] pci_hotplug: PCI Hot Plug PCI Core version: 0.5
[    0.900015] pciehp: PCI Express Hot Plug Controller Driver version: 0.4
[    0.901294] ACPI: AC Adapter [AC] (on-line)
[    0.902188] input: Power Button as /devices/LNXSYSTM:00/LNXPWRBN:00/input/input0
[    0.903958] ACPI: Power Button [PWRF]
[    0.905794] input: Sleep Button as /devices/LNXSYSTM:00/LNXSLPBN:00/input/input1
[    0.907606] ACPI: Sleep Button [SLPF]
[    0.908620] GHES: HEST is not enabled!
[    0.910065] ACPI: Battery Slot [BAT0] (battery present)
[    0.910352] Serial: 8250/16550 driver, 32 ports, IRQ sharing enabled
[    0.931450] 00:02: ttyS0 at I/O 0x3f8 (irq = 4, base_baud = 115200) is a 16550A
[    0.937844] Linux agpgart interface v0.103
[    0.941435] loop: module loaded
[    0.943105] scsi host0: ata_piix
[    0.944149] scsi host1: ata_piix
[    0.945091] ata1: PATA max UDMA/33 cmd 0x1f0 ctl 0x3f6 bmdma 0xd000 irq 14
[    0.946747] ata2: PATA max UDMA/33 cmd 0x170 ctl 0x376 bmdma 0xd008 irq 15
[    0.948580] libphy: Fixed MDIO Bus: probed
[    0.949726] tun: Universal TUN/TAP device driver, 1.6
[    0.951004] tun: (C) 1999-2004 Max Krasnyansky <maxk@qualcomm.com>
[    0.952702] PPP generic driver version 2.4.2
[    0.953997] ehci_hcd: USB 2.0 'Enhanced' Host Controller (EHCI) Driver
[    0.955408] ehci-pci: EHCI PCI platform driver
[    0.956540] ehci-platform: EHCI generic platform driver
[    0.957749] ohci_hcd: USB 1.1 'Open' Host Controller (OHCI) Driver
[    0.959365] ohci-pci: OHCI PCI platform driver
[    0.960473] ohci-platform: OHCI generic platform driver
[    0.961767] uhci_hcd: USB Universal Host Controller Interface driver
[    0.963462] i8042: PNP: PS/2 Controller [PNP0303:PS2K,PNP0f03:PS2M] at 0x60,0x64 irq 1,12
[    0.966125] serio: i8042 KBD port at 0x60,0x64 irq 1
[    0.967417] serio: i8042 AUX port at 0x60,0x64 irq 12
[    0.968784] mousedev: PS/2 mouse device common for all mice
[    0.970545] input: AT Translated Set 2 keyboard as /devices/platform/i8042/serio0/input/input2
[    0.973078] rtc_cmos rtc_cmos: rtc core: registered rtc_cmos as rtc0
[    0.974756] rtc_cmos rtc_cmos: alarms up to one day, 114 bytes nvram
[    0.976091] i2c /dev entries driver
[    0.977002] device-mapper: uevent: version 1.0.3
[    0.978409] device-mapper: ioctl: 4.34.0-ioctl (2015-10-28) initialised: dm-devel@redhat.com
[    0.980537] ledtrig-cpu: registered to indicate activity on CPUs
[    0.982695] NET: Registered protocol family 10
[    0.984068] NET: Registered protocol family 17
[    0.985282] Key type dns_resolver registered
[    0.986832] registered taskstats version 1
[    0.987976] Loading compiled-in X.509 certificates
[    0.989988] Loaded X.509 cert 'Build time autogenerated kernel key: f0e56e97f406068ace47a9bf54316e9855aaaa43'
[    0.992503] zswap: loaded using pool lzo/zbud
[    0.996006] Key type trusted registered
[    1.000994] Key type encrypted registered
[    1.002097] AppArmor: AppArmor sha1 policy hashing enabled
[    1.003518] ima: No TPM chip found, activating TPM-bypass!
[    1.004859] ima: Allocated hash algorithm: sha1
[    1.006248] evm: HMAC attrs: 0x1
[    1.007802]   Magic number: 4:122:32
[    1.009053] rtc_cmos rtc_cmos: setting system clock to 2020-01-08 15:01:11 UTC (1578495671)
[    1.011443] BIOS EDD facility v0.16 2004-Jun-25, 0 devices found
[    1.012866] EDD information not available.
[    1.108027] Freeing unused kernel memory: 1488K
[    1.109827] Write protecting the kernel read-only data: 14336k
[    1.112791] Freeing unused kernel memory: 1604K
[    1.114940] Freeing unused kernel memory: 60K
Loading, please wait...
starting version 229
[    1.138902] random: systemd-udevd: uninitialized urandom read (16 bytes read, 3 bits of entropy available)
[    1.139684] random: udevadm: uninitialized urandom read (16 bytes read, 3 bits of entropy available)
[    1.139738] random: udevadm: uninitialized urandom read (16 bytes read, 3 bits of entropy available)
[    1.146356] random: systemd-udevd: uninitialized urandom read (16 bytes read, 3 bits of entropy available)
[    1.148738] random: udevadm: uninitialized urandom read (16 bytes read, 3 bits of entropy available)
[    1.148784] random: udevadm: uninitialized urandom read (16 bytes read, 3 bits of entropy available)
[    1.148920] random: udevadm: uninitialized urandom read (16 bytes read, 3 bits of entropy available)
[    1.148971] random: udevadm: uninitialized urandom read (16 bytes read, 3 bits of entropy available)
[    1.149018] random: udevadm: uninitialized urandom read (16 bytes read, 3 bits of entropy available)
[    1.149070] random: udevadm: uninitialized urandom read (16 bytes read, 3 bits of entropy available)
[    1.185836] e1000: Intel(R) PRO/1000 Network Driver - version 7.3.21-k8-NAPI
[    1.187220] e1000: Copyright (c) 1999-2006 Intel Corporation.
[    1.207341] Fusion MPT base driver 3.04.20
[    1.208799] Copyright (c) 1999-2008 LSI Corporation
[    1.220365] Fusion MPT SPI Host driver 3.04.20
[    1.224955] AVX2 version of gcm_enc/dec engaged.
[    1.225867] AES CTR mode by8 optimization enabled
[    1.404680] input: ImExPS/2 Generic Explorer Mouse as /devices/platform/i8042/serio1/input/input4
[    1.546514] e1000 0000:00:03.0 eth0: (PCI:33MHz:32-bit) 02:dd:45:a7:5d:a0
[    1.547749] e1000 0000:00:03.0 eth0: Intel(R) PRO/1000 Network Connection
[    1.907698] e1000 0000:00:08.0 eth1: (PCI:33MHz:32-bit) 08:00:27:74:c2:1d
[    1.909123] e1000 0000:00:08.0 eth1: Intel(R) PRO/1000 Network Connection
[    1.911745] e1000 0000:00:03.0 enp0s3: renamed from eth0
[    1.913351] mptbase: ioc0: Initiating bringup
[    1.922723] e1000 0000:00:08.0 enp0s8: renamed from eth1
[    1.983075] ioc0: LSI53C1030 A0: Capabilities={Initiator}
[    2.147399] scsi host2: ioc0: LSI53C1030 A0, FwRev=00000000h, Ports=1, MaxQ=256, IRQ=20
[    2.267517] scsi 2:0:0:0: Direct-Access     VBOX     HARDDISK         1.0  PQ: 0 ANSI: 5
[    2.272421] scsi target2:0:0: Beginning Domain Validation
[    2.282211] scsi target2:0:0: Domain Validation skipping write tests
[    2.285570] scsi target2:0:0: Ending Domain Validation
[    2.288548] scsi target2:0:0: asynchronous
[    2.292880] scsi 2:0:1:0: Direct-Access     VBOX     HARDDISK         1.0  PQ: 0 ANSI: 5
[    2.297212] scsi target2:0:1: Beginning Domain Validation
[    2.320335] scsi target2:0:1: Domain Validation skipping write tests
[    2.322090] scsi target2:0:1: Ending Domain Validation
[    2.323849] scsi target2:0:1: asynchronous
[    2.339636] sd 2:0:0:0: Attached scsi generic sg0 type 0
[    2.339955] sd 2:0:0:0: [sda] 20971520 512-byte logical blocks: (10.7 GB/10.0 GiB)
[    2.340105] sd 2:0:0:0: [sda] Write Protect is off
[    2.340192] sd 2:0:0:0: [sda] Incomplete mode parameter data
[    2.340194] sd 2:0:0:0: [sda] Assuming drive cache: write through
[    2.345404] sd 2:0:1:0: Attached scsi generic sg1 type 0
[    2.346478] sd 2:0:1:0: [sdb] 20480 512-byte logical blocks: (10.5 MB/10.0 MiB)
[    2.348591] sd 2:0:1:0: [sdb] Write Protect is off
[    2.349877]  sda: sda1
[    2.349920] sd 2:0:1:0: [sdb] Incomplete mode parameter data
[    2.349921] sd 2:0:1:0: [sdb] Assuming drive cache: write through
[    2.354426] sd 2:0:0:0: [sda] Attached SCSI disk
[    2.356973] sd 2:0:1:0: [sdb] Attached SCSI disk
Begin: Loading essential drivers ... [    3.715514] md: linear personality registered for level -1
[    3.719298] md: multipath personality registered for level -4
[    3.723044] md: raid0 personality registered for level 0
[    3.727647] md: raid1 personality registered for level 1
[    3.798772] raid6: sse2x1   gen()  5665 MB/s
[    3.867104] raid6: sse2x1   xor()  7831 MB/s
[    3.934494] raid6: sse2x2   gen() 10805 MB/s
[    4.002783] raid6: sse2x2   xor()  7200 MB/s
[    4.071115] raid6: sse2x4   gen() 14541 MB/s
[    4.138443] raid6: sse2x4   xor()  8944 MB/s
[    4.206291] raid6: avx2x1   gen() 19248 MB/s
[    4.275127] raid6: avx2x2   gen() 19961 MB/s
[    4.343416] raid6: avx2x4   gen() 26353 MB/s
[    4.344355] raid6: using algorithm avx2x4 gen() 26353 MB/s
[    4.345482] raid6: using avx2x2 recovery algorithm
[    4.347718] xor: automatically using best checksumming function:
[    4.386314]    avx       : 21645.000 MB/sec
[    4.388518] async_tx: api initialized (async)
[    4.399327] md: raid6 personality registered for level 6
[    4.400472] md: raid5 personality registered for level 5
[    4.401513] md: raid4 personality registered for level 4
[    4.408978] md: raid10 personality registered for level 10
done.
Begin: Running /scripts/init-premount ... done.
Begin: Mounting root file system ... Begin: Running /scripts/local-top ... done.
Begin: Running /scripts/local-premount ... [    4.436513] Btrfs loaded
Scanning for Btrfs filesystems
done.
Warning: fsck not present, so skipping root file system
[    4.481926] EXT4-fs (sda1): mounted filesystem with ordered data mode. Opts: (null)
done.
Begin: Running /scripts/local-bottom ... done.
Begin: Running /scripts/init-bottom ... done.
[    4.591152] systemd[1]: systemd 229 running in system mode. (+PAM +AUDIT +SELINUX +IMA +APPARMOR +SMACK +SYSVINIT +UTMP +LIBCRYPTSETUP +GCRYPT +GNUTLS +ACL +XZ -LZ4 +SECCOMP +BLKID +ELFUTILS +KMOD -IDN)
[    4.594366] systemd[1]: Detected virtualization oracle.
[    4.595416] systemd[1]: Detected architecture x86-64.

Welcome to [1mUbuntu 16.04.6 LTS[0m!

[    4.600457] systemd[1]: Set hostname to <ubuntu>.
[    4.604322] systemd[1]: Initializing machine ID from random generator.
[    4.605586] systemd[1]: Installed transient /etc/machine-id file.
[    4.831329] systemd[1]: Started Trigger resolvconf update for networkd DNS.
[[0;32m  OK  [0m] Started Trigger resolvconf update for networkd DNS.
[    4.839219] systemd[1]: Listening on Journal Socket (/dev/log).
[[0;32m  OK  [0m] Listening on Journal Socket (/dev/log).
[    4.841195] systemd[1]: Reached target Encrypted Volumes.
[[0;32m  OK  [0m] Reached target Encrypted Volumes.
[    4.843343] systemd[1]: Created slice User and Session Slice.
[[0;32m  OK  [0m] Created slice User and Session Slice.
[    4.845156] systemd[1]: Listening on Syslog Socket.
[[0;32m  OK  [0m] Listening on Syslog Socket.
[    4.846896] systemd[1]: Listening on LVM2 metadata daemon socket.
[[0;32m  OK  [0m] Listening on LVM2 metadata daemon socket.
[    4.848868] systemd[1]: Reached target Swap.
[[0;32m  OK  [0m] Reached target Swap.
[    4.850428] systemd[1]: Reached target User and Group Name Lookups.
[[0;32m  OK  [0m] Reached target User and Group Name Lookups.
[    4.852449] systemd[1]: Listening on udev Kernel Socket.
[[0;32m  OK  [0m] Listening on udev Kernel Socket.
[    4.854468] systemd[1]: Created slice System Slice.
[[0;32m  OK  [0m] Created slice System Slice.
[    4.856322] systemd[1]: Listening on Journal Audit Socket.
[[0;32m  OK  [0m] Listening on Journal Audit Socket.
[    4.858407] systemd[1]: Created slice system-serial\x2dgetty.slice.
[[0;32m  OK  [0m] Created slice system-serial\x2dgetty.slice.
[    4.860481] systemd[1]: Reached target System Time Synchronized.
[[0;32m  OK  [0m] Reached target System Time Synchronized.
[    4.862475] systemd[1]: Listening on /dev/initctl Compatibility Named Pipe.
[[0;32m  OK  [0m] Listening on /dev/initctl Compatibility Named Pipe.
[    4.864690] systemd[1]: Listening on udev Control Socket.
[[0;32m  OK  [0m] Listening on udev Control Socket.
[    4.866569] systemd[1]: Reached target Slices.
[[0;32m  OK  [0m] Reached target Slices.
[    4.868179] systemd[1]: Listening on LVM2 poll daemon socket.
[[0;32m  OK  [0m] Listening on LVM2 poll daemon socket.
[    4.870083] systemd[1]: Started Forward Password Requests to Wall Directory Watch.
[[0;32m  OK  [0m] Started Forward Password Requests to Wall Directory Watch.
[    4.872648] systemd[1]: Listening on Journal Socket.
[[0;32m  OK  [0m] Listening on Journal Socket.
[    4.890855] systemd[1]: Starting Remount Root and Kernel File Systems...
         Starting Remount Root and Kernel File Systems...
[    4.893817] systemd[1]: Starting Journal Service...
         Starting Journal Service...
[    4.896392] systemd[1]: Mounting POSIX Message Queue File System...
         Mounting POSIX Message Queue File System...
[    4.900900] EXT4-fs (sda1): re-mounted. Opts: (null)
[    4.901777] systemd[1]: Mounting Huge Pages File System...
         Mounting Huge Pages File System...
[    4.905272] systemd[1]: Starting Nameserver information manager...
         Starting Nameserver information manager...
[    4.914747] systemd[1]: Set up automount Arbitrary Executable File Formats File System Automount Point.
[[0;32m  OK  [0m] Set up automount Arbitrary Executab...ats File System Automount Point.
[    4.921210] systemd[1]: Starting Load Kernel Modules...
         Starting Load Kernel Modules...
[    4.935177] systemd[1]: Starting Create list of required static device nodes for the current kernel...
[    4.937136] Loading iSCSI transport class v2.0-870.
         Starting Create list of required st... nodes for the current kernel...
[    4.939002] systemd[1]: Listening on Device-mapper event daemon FIFOs.
[[0;32m  OK  [0m] Listening on Device-mapper event daemon FIFOs.
[    4.946635] iscsi: registered transport (tcp)
[    4.947228] systemd[1]: Starting Monitoring of LVM2 mirrors, snapshots etc. using dmeventd or progress polling...
         Starting Monitoring of LVM2 mirrors... dmeventd or progress polling...
[    4.980339] iscsi: registered transport (iser)
[    4.982930] systemd[1]: Starting Uncomplicated firewall...
         Starting Uncomplicated firewall...
[    4.986141] systemd[1]: Mounting Debug File System...
         Mounting Debug File System...
[    4.988787] systemd[1]: Starting Set console keymap...
         Starting Set console keymap...
[    4.992502] systemd[1]: Mounted POSIX Message Queue File System.
[[0;32m  OK  [0m] Mounted POSIX Message Queue File System.
[    5.002659] systemd[1]: Mounted Debug File System.
[[0;32m  OK  [0m] Mounted Debug File System.
[    5.004420] systemd[1]: Mounted Huge Pages File System.
[[0;32m  OK  [0m] Mounted Huge Pages File System.
[    5.006336] systemd[1]: Started Journal Service.
[[0;32m  OK  [0m] Started Journal Service.
[[0;32m  OK  [0m] Started Remount Root and Kernel File Systems.
[[0;32m  OK  [0m] Started Load Kernel Modules.
[[0;32m  OK  [0m] Started Create list of required sta...ce nodes for the current kernel.
[[0;32m  OK  [0m] Started Uncomplicated firewall.
[[0;32m  OK  [0m] Started Set console keymap.
[[0;32m  OK  [0m] Started Nameserver information manager.
[[0;32m  OK  [0m] Started LVM2 metadata daemon.
         Starting Create Static Device Nodes in /dev...
         Starting Apply Kernel Variables...
         Mounting FUSE Control File System...
         Starting udev Coldplug all Devices...
         Starting Load/Save Random Seed...
         Starting Flush Journal to Persistent Storage...
[[0;32m  OK  [0m] Mounted FUSE Control File System.
[[0;32m  OK  [0m] Started Apply Kernel Variables.
[[0;32m  OK  [0m] Started Load/Save Random Seed.
[[0;32m  OK  [0m] Started Flush Journal to Persistent Storage.
[[0;32m  OK  [0m] Started Create Static Device Nodes in /dev.
         Starting udev Kernel Device Manager...
[[0;32m  OK  [0m] Started udev Coldplug all Devices.
[[0;32m  OK  [0m] Started udev Kernel Device Manager.
[[0;32m  OK  [0m] Started Dispatch Password Requests to Console Directory Watch.
[[0;32m  OK  [0m] Started Monitoring of LVM2 mirrors,...ng dmeventd or progress polling.
[[0;32m  OK  [0m] Found device /dev/ttyS0.
[[0;32m  OK  [0m] Reached target Local File Systems (Pre).
[[0;32m  OK  [0m] Reached target Local File Systems.
         Starting Tell Plymouth To Write Out Runtime Data...
         Starting LSB: AppArmor initialization...
         Starting Create Volatile Files and Directories...
         Starting Set console font and keymap...
         Starting Commit a transient machine-id on disk...
         Starting Initial cloud-init job (pre-networking)...
[[0;32m  OK  [0m] Started Tell Plymouth To Write Out Runtime Data.
[[0;32m  OK  [0m] Started Create Volatile Files and Directories.
         Starting Update UTMP about System Boot/Shutdown...
[[0;32m  OK  [0m] Started Commit a transient machine-id on disk.
[[0;32m  OK  [0m] Started Update UTMP about System Boot/Shutdown.
[[0;32m  OK  [0m] Listening on Load/Save RF Kill Switch Status /dev/rfkill Watch.
[[0;32m  OK  [0m] Started LSB: AppArmor initialization.
[    6.493053] [[0;32m  OK  [0m] Started Initial cloud-init job (pre-networking).
[[0;32m  OK  [0m] Reached target Network (Pre).
cloud-init[519]: Cloud-init v. 19.2-36-g059d049c-0ubuntu2~16.04.1 running 'init-local' at Wed, 08 Jan 2020 15:01:16 +0000. Up 6.02 seconds.
         Starting Raise network interfaces...
[[0;32m  OK  [0m] Started Set console font and keymap.
[[0;32m  OK  [0m] Created slice system-getty.slice.
[[0;32m  OK  [0m] Started Raise network interfaces.
[[0;32m  OK  [0m] Reached target Network.
         Starting Initial cloud-init job (metadata service crawler)...
[    7.731674] cloud-init[962]: Cloud-init v. 19.2-36-g059d049c-0ubuntu2~16.04.1 running 'init' at Wed, 08 Jan 2020 15:01:17 +0000. Up 7.17 seconds.
[    7.740800] cloud-init[962]: ci-info: ++++++++++++++++++++++++++++++++++++++Net device info+++++++++++++++++++++++++++++++++++++++
[    7.748639] cloud-init[962]: ci-info: +--------+-------+----------------------------+---------------+--------+-------------------+
[    7.756455] cloud-init[962]: ci-info: | Device |   Up  |          Address           |      Mask     | Scope  |     Hw-Address    |
[    7.758174] cloud-init[962]: ci-info: +--------+-------+----------------------------+---------------+--------+-------------------+
[    7.759888] cloud-init[962]: ci-info: | enp0s3 |  True |         10.0.2.15          | 255.255.255.0 | global | 02:dd:45:a7:5d:a0 |
[    7.761633] cloud-init[962]: ci-info: | enp0s3 |  True | fe80::dd:45ff:fea7:5da0/64 |       .       |  link  | 02:dd:45:a7:5d:a0 |
[    7.763478] cloud-init[962]: ci-info: | enp0s8 | False |             .              |       .       |   .    | 08:00:27:74:c2:1d |
[    7.765291] cloud-init[962]: ci-info: |   lo   |  True |         127.0.0.1          |   255.0.0.0   |  host  |         .         |
[    7.767114] cloud-init[962]: ci-info: |   lo   |  True |          ::1/128           |       .       |  host  |         .         |
[[0;32m  OK  [0m] Started Initial cloud-init job (metadata service crawler).
[[0;32m  OK  [0m] Reached target Network is Online.
[    7.777628] cloud-init[962]: ci-info: +--------+-------+----------------------------+---------------+--------+-------------------+
[    7.780698] cloud-init[962]: ci-info: +++++++++++++++++++++++++++Route IPv4 info++++++++++++++++++++++++++++
[    7.788691] cloud-init[962]: ci-info: +-------+-------------+----------+---------------+-----------+-------+
[    7.790112] cloud-init[962]: ci-info: | Route | Destination | Gateway  |    Genmask    | Interface | Flags |
[    7.796410]          Starting iSCSI initiator daemon (iscsid)...
[[0;32m  OK  [0m] Reached target Cloud-config availability.
[[0;32m  OK  [0m] Reached target System Initialization.
cloud-init[962]: ci-info: +-------+-------------+----------+---------------+-----------+-------+
         Starting LXD - unix socket.
[    7.800450] [[0;32m  OK  [0m] Started Message of the Day.
[[0;32m  OK  [0m] Listening on D-Bus System Message Bus Socket.
[[0;32m  OK  [0m] Listening on ACPID Listen Socket.
[[0;32m  OK  [0m] Started Daily apt download activities.
[[0;32m  OK  [0m] Started Daily Cleanup of Temporary Directories.
         Starting Socket activation for snappy daemon.
[[0;32m  OK  [0m] Listening on UUID daemon activation socket.
cloud-init[962]: ci-info: |   0   |   0.0.0.0   | 10.0.2.2 |    0.0.0.0    |   enp0s3  |   UG  |
[    7.805343] [[0;32m  OK  [0m] Started ACPI Events Check.
[[0;32m  OK  [0m] Reached target Paths.
[[0;32m  OK  [0m] Started Daily apt upgrade and clean activities.
[[0;32m  OK  [0m] Reached target Timers.
cloud-init[962]: ci-info: |   1   |   10.0.2.0  | 0.0.0.0  | 255.255.255.0 |   enp0s3  |   U   |
[    7.812327] cloud-init[962]: ci-info: +-------+-------------+----------+---------------+-----------+-------+[[0;32m  OK  [0m] Listening on LXD - unix socket.
[[0;32m  OK  [0m] Listening on Socket activation for snappy daemon.
[[0;32m  OK  [0m] Reached target Sockets.
[[0;32m  OK  [0m] Reached target Basic System.

[[0;32m  OK  [0m] Started FUSE filesystem for LXC.
[    7.816444]          Starting Pollinate to seed the pseudo random number generator...
         Starting LSB: MD monitoring daemon...
[[0;32m  OK  [0m] Started ACPI event daemon.
cloud-init[962]: ci-info: +++++++++++++++++++Route IPv6 info+++++++++++++++++++
[    7.826977] cloud-init[962]: ci-info: +-------+-------------+---------+-----------+-------+
[    7.829488] cloud-init[962]: ci-info: | Route | Destination | Gateway | Interface | Flags |
[[0;32m  OK  [0m] Started Regular background program processing daemon.
[    7.829669] cloud-init[962]: ci-info: +-------+-------------+---------+-----------+-------+
         Starting Virtualbox guest utils...[    7.833032] cloud-init[962]: ci-info: |   0   |  fe80::/64  |    ::   |   enp0s3  |   U   |
[    7.833502] cloud-init[962]: ci-info: |   3   |   ff00::/8  |    ::   |   enp0s3  |   U   |
[    7.833817] cloud-init[962]: ci-info: +-------+-------------+---------+-----------+-------+

[[0;32m  OK  [0m] Started D-Bus System Message Bus.
[    7.838097] cloud-init[962]: Generating public/private rsa key pair.
[    7.839339] cloud-init[962]: Your identification has been saved in /etc/ssh/ssh_host_rsa_key.
[    7.848219] cloud-init[962]: Your public key has been saved in /etc/ssh/ssh_host_rsa_key.pub.
[    7.849443] cloud-init[962]: The key fingerprint is:
[    7.850324] cloud-init[962]: SHA256:BkCA4G+ZGRgfU5YSbMGEr3F0y9g+Cr3D6L5YwIUEGns root@ubuntu-xenial
[    7.851492] cloud-init[962]: The key's randomart image is:
[    7.852774] cloud-init[962]: +---[RSA 2048]----+
[    7.853901] cloud-init[962]: |*+*O*o.          |
[    7.854854] cloud-init[962]: |=+=*++           |
[    7.856046] cloud-init[962]: |o+E+* o          |
[    7.856875] cloud-init[962]: |.oo+=+ .         |
[    7.857922] cloud-init[962]: |..=*.   S        |
[    7.858748] cloud-init[962]: | +.. o .         |
[    7.859722] cloud-init[962]: |  = o .          |
[    7.860611] cloud-init[962]: |.o =             |
[    7.862188] cloud-init[962]: |++. .            |
[    7.862898] cloud-init[962]: +----[SHA256]-----+
[    7.863852] cloud-init[962]: Generating public/private dsa key pair.
[    7.864616] cloud-init[962]: Your identification has been saved in /etc/ssh/ssh_host_dsa_key.
[    7.872375] cloud-init[962]: Your public key has been saved in /etc/ssh/ssh_host_dsa_key.pub.
[    7.882217] cloud-init[962]: The key fingerprint is:
[    7.882417] cloud-init[962]: SHA256:rFYL4gyzP+IsWSOHWHg20JPDD4pOW2Jd4X4o1upxx14 root@ubuntu-xenial
[    7.882939] cloud-init[962]: The key's randomart image is:
[    7.883319] cloud-init[962]: +---[DSA 1024]----+
[    7.883831] cloud-init[962]: | o . ..          |
[    7.884473] cloud-init[962]: |. B ..           |
         Starting Accounts Service...
[    7.884893] cloud-init[962]: |.+.=..           |
[    7.886746] cloud-init[962]: |++=o+ ..         |
         Starting System Logging Service...
[    7.888920] cloud-init[962]: |==*+.+..S        |
[    7.890341] cloud-init[962]: |+o=*o.o+ .       |
         Starting LSB: Record successful boot for GRUB...[    7.892463] cloud-init[962]: | =.+o.oo.E       |
[    7.892524] cloud-init[962]: |o.o.+.o .        |
[    7.892796] cloud-init[962]: | ooo.. .         |
[    7.893091] cloud-init[962]: +----[SHA256]-----+
[    7.893573] cloud-init[962]: Generating public/private ecdsa key pair.
[    7.893876] cloud-init[962]: Your identification has been saved in /etc/ssh/ssh_host_ecdsa_key.
[    7.894186] cloud-init[962]: Your public key has been saved in /etc/ssh/ssh_host_ecdsa_key.pub.
[    7.894510] cloud-init[962]: The key fingerprint is:
[    7.894812] cloud-init[962]: SHA256:B2IFFZ+sBz3ZOgRmhAyJn1bxKjWC4l9LFh8uNN5DnVY root@ubuntu-xenial
[    7.895123] cloud-init[962]: The key's randomart image is:
[    7.895447] cloud-init[962]: +---[ECDSA 256]---+
[    7.895756] cloud-init[962]: |   ..+o*O. E     |
[    7.896381] cloud-init[962]: |  ... +=.=o+     |
[    7.896548] cloud-init[962]: |. ...*=o++O .    |
[    7.896600] cloud-init[962]: |..  *+B+o= o     |
[    7.896776] cloud-init[962]: | . ..*.=S =      |
[    7.896879] cloud-init[962]: |  . +.o .o .     |
[    7.896957] cloud-init[962]: |   . .           |
[    7.897043] cloud-init[962]: |                 |
[    7.897165] cloud-init[962]: |                 |
[    7.897503] cloud-init[962]: +----[SHA256]-----+
[    7.897807] cloud-init[962]: Generating public/private ed25519 key pair.
[    7.898120] cloud-init[962]: Your identification has been saved in /etc/ssh/ssh_host_ed25519_key.
[    7.898463] cloud-init[962]: Your public key has been saved in /etc/ssh/ssh_host_ed25519_key.pub.
[    7.898757] cloud-init[962]: The key fingerprint is:
[    7.899073] cloud-init[962]: SHA256:RxRES9+rOQ6oHl+FGpG045RbGeLQzVw/RxxiWv0LhWs root@ubuntu-xenial
[    7.899555] cloud-init[962]: The key's randomart image is:
[    7.899868] cloud-init[962]: +--[ED25519 256]--+
[    7.900369] cloud-init[962]: |      ..o*Bo.+ooo|
[    7.900426] cloud-init[962]: |       +.B+=++.+.|
[    7.901008] cloud-init[962]: |        O =.. * o|
[    7.901416] cloud-init[962]: |       o * . E +.|
[    7.901713] cloud-init[962]: |        S o o o .|
[    7.902025] cloud-init[962]: |         = . o . |
[    7.902350] cloud-init[962]: |      . o o +    |
[    7.902653] cloud-init[962]: |       + . o .   |
[    7.902999] cloud-init[962]: |     .o .   .    |
[    7.903351] cloud-init[962]: +----[SHA256]-----+

         Starting Snappy daemon...
         Starting Login Service...
         Starting /etc/rc.local Compatibility...
         Starting LXD - container startup/shutdown...
[[0;32m  OK  [0m] Started Deferred execution scheduler.
[[0;32m  OK  [0m] Started /etc/rc.local Compatibility.
[[0;32m  OK  [0m] Started iSCSI initiator daemon (iscsid).
         Starting Login to default iSCSI targets...
[[0;32m  OK  [0m] Started Login Service.
[[0;32m  OK  [0m] Started Unattended Upgrades Shutdown.
[[0;32m  OK  [0m] Started System Logging Service.
[[0;32m  OK  [0m] Started LSB: MD monitoring daemon.
         Starting Authenticate and Authorize Users to Run Privileged Tasks...
[[0;32m  OK  [0m] Started Login to default iSCSI targets.
[[0;32m  OK  [0m] Started LSB: Record successful boot for GRUB.
[[0;32m  OK  [0m] Reached target Remote File Systems (Pre).
[[0;32m  OK  [0m] Reached target Remote File Systems.
         Starting Permit User Sessions...
         Starting LSB: daemon to balance interrupts for SMP systems...
         Starting LSB: Set the CPU Frequency Scaling governor to "ondemand"...
         Starting LSB: automatic crash report generation...
[[0;32m  OK  [0m] Started Permit User Sessions.
         Starting Terminate Plymouth Boot Screen...
         Starting Hold until boot process finishes up...
[[0;32m  OK  [0m] Started Authenticate and Authorize Users to Run Privileged Tasks.
[[0;32m  OK  [0m] Started Terminate Plymouth Boot Screen.
[[0;32m  OK  [0m] Started Hold until boot process finishes up.
         Starting Set console scheme...
[[0;32m  OK  [0m] Started Serial Getty on ttyS0.
[[0;32m  OK  [0m] Started Getty on tty1.
[[0;32m  OK  [0m] Reached target Login Prompts.
[[0;32m  OK  [0m] Started Set console scheme.
[[0;32m  OK  [0m] Started Accounts Service.
[[0;32m  OK  [0m] Started LSB: automatic crash report generation.
[[0;32m  OK  [0m] Started LSB: Set the CPU Frequency Scaling governor to "ondemand".
[[0;32m  OK  [0m] Started LSB: daemon to balance interrupts for SMP systems.
[[0;32m  OK  [0m] Started LXD - container startup/shutdown.
[[0;32m  OK  [0m] Started Virtualbox guest utils.
[[0;32m  OK  [0m] Started Pollinate to seed the pseudo random number generator.
         Starting OpenBSD Secure Shell server...
[[0;32m  OK  [0m] Started Snappy daemon.
         Starting Wait until snapd is fully seeded...
[[0;32m  OK  [0m] Started OpenBSD Secure Shell server.
[[0;32m  OK  [0m] Started Wait until snapd is fully seeded.
         Starting Apply the settings specified in cloud-config...
[[0;32m  OK  [0m] Reached target Multi-User System.
[[0;32m  OK  [0m] Reached target Graphical Interface.
         Starting Update UTMP about System Runlevel Changes...
[[0;32m  OK  [0m] Started Update UTMP about System Runlevel Changes.
[    9.277314] cloud-init[1321]: Generating locales (this might take a while)...
[   10.133088] cloud-init[1321]:   en_US.UTF-8... done
[   10.134232] cloud-init[1321]: Generation complete.
[   10.437728] cloud-init[1321]: Cloud-init v. 19.2-36-g059d049c-0ubuntu2~16.04.1 running 'modules:config' at Wed, 08 Jan 2020 15:01:19 +0000. Up 9.18 seconds.
[[0;32m  OK  [0m] Started Apply the settings specified in cloud-config.
         Starting Execute cloud user/final scripts...
ci-info: no authorized ssh keys fingerprints found for user ubuntu.
<14>Jan  8 15:01:21 ec2: 
<14>Jan  8 15:01:21 ec2: #############################################################
<14>Jan  8 15:01:21 ec2: -----BEGIN SSH HOST KEY FINGERPRINTS-----
<14>Jan  8 15:01:21 ec2: 1024 SHA256:rFYL4gyzP+IsWSOHWHg20JPDD4pOW2Jd4X4o1upxx14 root@ubuntu-xenial (DSA)
<14>Jan  8 15:01:21 ec2: 256 SHA256:B2IFFZ+sBz3ZOgRmhAyJn1bxKjWC4l9LFh8uNN5DnVY root@ubuntu-xenial (ECDSA)
<14>Jan  8 15:01:21 ec2: 256 SHA256:RxRES9+rOQ6oHl+FGpG045RbGeLQzVw/RxxiWv0LhWs root@ubuntu-xenial (ED25519)
<14>Jan  8 15:01:21 ec2: 2048 SHA256:BkCA4G+ZGRgfU5YSbMGEr3F0y9g+Cr3D6L5YwIUEGns root@ubuntu-xenial (RSA)
<14>Jan  8 15:01:21 ec2: -----END SSH HOST KEY FINGERPRINTS-----
<14>Jan  8 15:01:21 ec2: #############################################################
-----BEGIN SSH HOST KEY KEYS-----
ecdsa-sha2-nistp256 AAAAE2VjZHNhLXNoYTItbmlzdHAyNTYAAAAIbmlzdHAyNTYAAABBBOSSC1k9BI9qqzfmivYQrcVKYScH77nsNya4ixtdprGn7tWTnsElvOvUFfwrgvE+heOXkrkOGPOUgZZGbBGi9go= root@ubuntu-xenial
ssh-ed25519 AAAAC3NzaC1lZDI1NTE5AAAAIITZmhpJpdDJND6rLIIqgivNpX3GZM4mTLgsiXJ34vWO root@ubuntu-xenial
ssh-rsa AAAAB3NzaC1yc2EAAAADAQABAAABAQCjAdzLgkYBIbCq27GIi0rl/QJ+SFhsOvzxELDpufSQFwjVSs9hqXXpu5RsbBCmHnNKChGY9gHDUhhmcmzMm+21vSJ/vsECLwX/Lc/DY8HjKVWXOXa8jGnbt+aV05ikb2v80ZUpxUippiR2baKZa5tP50yiwpounFpfq61AUJj6mvUZDd/y6EMn3gdhcGpei9lZai5SUsyFTMfdiaRKAb2Do1d7T4SstXNNrStWgS27Yjt6eQXAfDfcFXE5C5kVhamMRymLk4gBlW1Sk5bYxdRAh7oWBU7MR0WD7iSiXFTpdd0XkFlgCySroWrd68a3+bTMkA2lToxLuj7msSN8IjWb root@ubuntu-xenial
-----END SSH HOST KEY KEYS-----
[   10.899049] cloud-init[1365]: Cloud-init v. 19.2-36-g059d049c-0ubuntu2~16.04.1 running 'modules:final' at Wed, 08 Jan 2020 15:01:21 +0000. Up 10.76 seconds.
[   10.901280] cloud-init[1365]: ci-info: no authorized ssh keys fingerprints found for user ubuntu.
[   10.908777] cloud-init[1365]: Cloud-init v. 19.2-36-g059d049c-0ubuntu2~16.04.1 finished at Wed, 08 Jan 2020 15:01:21 +0000. Datasource DataSourceNoCloud [seed=/dev/sdb][dsmode=net].  Up 10.89 seconds
[[0;32m  OK  [0m] Started Execute cloud user/final scripts.
[[0;32m  OK  [0m] Reached target Cloud-init target.

Ubuntu 16.04.6 LTS ubuntu-xenial ttyS0

ubuntu-xenial login: 